// Jest Snapshot v1, https://goo.gl/fbAQLP

exports[`CreateTeam Snapshot renders 1`] = `
<div
  className="CreateTeam"
>
  <form
    onSubmit={[Function]}
  >
    <div
      className="form-group form-group-lg"
    />
    <div
      className="form-group form-group-lg"
    >
      <label
        className="control-label"
        htmlFor="name"
      />
      <input
        className="form-control"
        id="name"
        onChange={[Function]}
        placeholder="Gruppenname"
        type="text"
        value=""
      />
    </div>
    <button
      className="btn btn-lg btn-primary btn-block"
      disabled={true}
      id="erstelleGruppeBtn"
      type="submit"
    >
      erstelle Gruppe
    </button>
  </form>
</div>
`;
