// Jest Snapshot v1, https://goo.gl/fbAQLP

exports[`ListGroups Snapshot renders 1`] = `
<div
  style={
    Object {
      "border": "2px solid black",
      "margin": "5%",
    }
  }
>
  <h1>
    Vorhandene Gruppen:
  </h1>
  <p>
    Noch keine Gruppen vorhanden.
  </p>
</div>
`;
