// Jest Snapshot v1, https://goo.gl/fbAQLP

exports[`AppNavBottom Snapshot renders 1`] = `
<div
  className="navbarbottom"
  style={
    Object {
      "WebkitTapHighlightColor": "rgba(0,0,0,0)",
      "backgroundColor": "#ffffff",
      "borderRadius": 2,
      "boxShadow": "0 1px 6px rgba(0, 0, 0, 0.12),
             0 1px 4px rgba(0, 0, 0, 0.12)",
      "boxSizing": "border-box",
      "color": "rgba(0, 0, 0, 0.87)",
      "fontFamily": "Roboto, sans-serif",
      "muiPrepared": true,
      "transition": "all 450ms cubic-bezier(0.23, 1, 0.32, 1) 0ms",
    }
  }
>
  <div
    style={
      Object {
        "backgroundColor": "#ffffff",
        "display": "flex",
        "height": 56,
        "justifyContent": "center",
        "muiPrepared": true,
        "position": "relative",
        "width": "100%",
      }
    }
  >
    <button
      disabled={undefined}
      onBlur={[Function]}
      onClick={[Function]}
      onFocus={[Function]}
      onKeyDown={[Function]}
      onKeyUp={[Function]}
      selected={false}
      style={
        Object {
          "WebkitTapHighlightColor": "rgba(0, 0, 0, 0)",
          "background": "none",
          "border": 10,
          "boxSizing": "border-box",
          "cursor": "pointer",
          "display": "inline-block",
          "flex": "1",
          "fontFamily": "Roboto, sans-serif",
          "fontSize": "inherit",
          "fontWeight": "inherit",
          "margin": 0,
          "maxWidth": 168,
          "minWidth": "56px",
          "muiPrepared": true,
          "outline": "none",
          "padding": 0,
          "paddingBottom": 10,
          "paddingLeft": 12,
          "paddingRight": 12,
          "paddingTop": 8,
          "position": "relative",
          "textDecoration": "none",
          "transition": "padding-top 0.3s",
          "verticalAlign": null,
        }
      }
      tabIndex={0}
      type="button"
    >
      <div
        onMouseDown={[Function]}
        onMouseLeave={[Function]}
        onMouseUp={[Function]}
        onTouchEnd={[Function]}
        onTouchStart={[Function]}
      >
        <svg
          onMouseEnter={[Function]}
          onMouseLeave={[Function]}
          style={
            Object {
              "color": "rgba(0, 0, 0, 0.87)",
              "display": "block",
              "fill": "rgba(0, 0, 0, 0.54)",
              "height": 24,
              "muiPrepared": true,
              "transition": "all 450ms cubic-bezier(0.23, 1, 0.32, 1) 0ms",
              "userSelect": "none",
              "width": "100%",
            }
          }
          viewBox="0 0 24 24"
        >
          <path
            d="M19 3h-4.18C14.4 1.84 13.3 1 12 1c-1.3 0-2.4.84-2.82 2H5c-1.1 0-2 .9-2 2v14c0 1.1.9 2 2 2h14c1.1 0 2-.9 2-2V5c0-1.1-.9-2-2-2zm-7 0c.55 0 1 .45 1 1s-.45 1-1 1-1-.45-1-1 .45-1 1-1zm2 14H7v-2h7v2zm3-4H7v-2h10v2zm0-4H7V7h10v2z"
          />
        </svg>
        <div
          style={
            Object {
              "color": "rgba(0, 0, 0, 0.54)",
              "fontSize": 12,
              "muiPrepared": true,
              "transition": "color 0.3s, font-size 0.3s",
            }
          }
        />
      </div>
    </button>
    <button
      disabled={undefined}
      onBlur={[Function]}
      onClick={[Function]}
      onFocus={[Function]}
      onKeyDown={[Function]}
      onKeyUp={[Function]}
      selected={false}
      style={
        Object {
          "WebkitTapHighlightColor": "rgba(0, 0, 0, 0)",
          "background": "none",
          "border": 10,
          "boxSizing": "border-box",
          "cursor": "pointer",
          "display": "inline-block",
          "flex": "1",
          "fontFamily": "Roboto, sans-serif",
          "fontSize": "inherit",
          "fontWeight": "inherit",
          "margin": 0,
          "maxWidth": 168,
          "minWidth": "56px",
          "muiPrepared": true,
          "outline": "none",
          "padding": 0,
          "paddingBottom": 10,
          "paddingLeft": 12,
          "paddingRight": 12,
          "paddingTop": 8,
          "position": "relative",
          "textDecoration": "none",
          "transition": "padding-top 0.3s",
          "verticalAlign": null,
        }
      }
      tabIndex={0}
      type="button"
    >
      <div
        onMouseDown={[Function]}
        onMouseLeave={[Function]}
        onMouseUp={[Function]}
        onTouchEnd={[Function]}
        onTouchStart={[Function]}
      >
        <svg
          onMouseEnter={[Function]}
          onMouseLeave={[Function]}
          style={
            Object {
              "color": "rgba(0, 0, 0, 0.87)",
              "display": "block",
              "fill": "rgba(0, 0, 0, 0.54)",
              "height": 24,
              "muiPrepared": true,
              "transition": "all 450ms cubic-bezier(0.23, 1, 0.32, 1) 0ms",
              "userSelect": "none",
              "width": "100%",
            }
          }
          viewBox="0 0 24 24"
        >
          <path
            d="M17 12h-5v5h5v-5zM16 1v2H8V1H6v2H5c-1.11 0-1.99.9-1.99 2L3 19c0 1.1.89 2 2 2h14c1.1 0 2-.9 2-2V5c0-1.1-.9-2-2-2h-1V1h-2zm3 18H5V8h14v11z"
          />
        </svg>
        <div
          style={
            Object {
              "color": "rgba(0, 0, 0, 0.54)",
              "fontSize": 12,
              "muiPrepared": true,
              "transition": "color 0.3s, font-size 0.3s",
            }
          }
        />
      </div>
    </button>
    <button
      disabled={undefined}
      onBlur={[Function]}
      onClick={[Function]}
      onFocus={[Function]}
      onKeyDown={[Function]}
      onKeyUp={[Function]}
      selected={false}
      style={
        Object {
          "WebkitTapHighlightColor": "rgba(0, 0, 0, 0)",
          "background": "none",
          "border": 10,
          "boxSizing": "border-box",
          "cursor": "pointer",
          "display": "inline-block",
          "flex": "1",
          "fontFamily": "Roboto, sans-serif",
          "fontSize": "inherit",
          "fontWeight": "inherit",
          "margin": 0,
          "maxWidth": 168,
          "minWidth": "56px",
          "muiPrepared": true,
          "outline": "none",
          "padding": "0px !important",
          "paddingBottom": 10,
          "paddingLeft": 12,
          "paddingRight": 12,
          "paddingTop": 8,
          "position": "relative",
          "textDecoration": "none",
          "transition": "padding-top 0.3s",
          "verticalAlign": null,
        }
      }
      tabIndex={0}
      type="button"
    >
      <div
        onMouseDown={[Function]}
        onMouseLeave={[Function]}
        onMouseUp={[Function]}
        onTouchEnd={[Function]}
        onTouchStart={[Function]}
      >
        <svg
          onMouseEnter={[Function]}
          onMouseLeave={[Function]}
          style={
            Object {
              "color": "rgba(0, 0, 0, 0.87)",
              "display": "block",
              "fill": "rgba(0, 0, 0, 0.54)",
              "height": 24,
              "muiPrepared": true,
              "transition": "all 450ms cubic-bezier(0.23, 1, 0.32, 1) 0ms",
              "userSelect": "none",
              "width": "100%",
            }
          }
          viewBox="0 0 24 24"
        >
          <path
            d="M12 2C6.48 2 2 6.48 2 12s4.48 10 10 10 10-4.48 10-10S17.52 2 12 2zm5 11h-4v4h-2v-4H7v-2h4V7h2v4h4v2z"
          />
        </svg>
        <div
          style={
            Object {
              "color": "rgba(0, 0, 0, 0.54)",
              "fontSize": 12,
              "muiPrepared": true,
              "transition": "color 0.3s, font-size 0.3s",
            }
          }
        />
      </div>
    </button>
    <button
      disabled={undefined}
      onBlur={[Function]}
      onClick={[Function]}
      onFocus={[Function]}
      onKeyDown={[Function]}
      onKeyUp={[Function]}
      selected={false}
      style={
        Object {
          "WebkitTapHighlightColor": "rgba(0, 0, 0, 0)",
          "background": "none",
          "border": 10,
          "boxSizing": "border-box",
          "cursor": "pointer",
          "display": "inline-block",
          "flex": "1",
          "fontFamily": "Roboto, sans-serif",
          "fontSize": "inherit",
          "fontWeight": "inherit",
          "margin": 0,
          "maxWidth": 168,
          "minWidth": "56px",
          "muiPrepared": true,
          "outline": "none",
          "padding": 0,
          "paddingBottom": 10,
          "paddingLeft": 12,
          "paddingRight": 12,
          "paddingTop": 8,
          "position": "relative",
          "textDecoration": "none",
          "transition": "padding-top 0.3s",
          "verticalAlign": null,
        }
      }
      tabIndex={0}
      type="button"
    >
      <div
        onMouseDown={[Function]}
        onMouseLeave={[Function]}
        onMouseUp={[Function]}
        onTouchEnd={[Function]}
        onTouchStart={[Function]}
      >
        <svg
          onClick={[Function]}
          onMouseEnter={[Function]}
          onMouseLeave={[Function]}
          style={
            Object {
              "color": "rgba(0, 0, 0, 0.87)",
              "display": "block",
              "fill": "rgba(0, 0, 0, 0.54)",
              "height": 24,
              "muiPrepared": true,
              "transition": "all 450ms cubic-bezier(0.23, 1, 0.32, 1) 0ms",
              "userSelect": "none",
              "width": "100%",
            }
          }
          viewBox="0 0 24 24"
        >
          <path
            d="M12 22c1.1 0 2-.9 2-2h-4c0 1.1.89 2 2 2zm6-6v-5c0-3.07-1.64-5.64-4.5-6.32V4c0-.83-.67-1.5-1.5-1.5s-1.5.67-1.5 1.5v.68C7.63 5.36 6 7.92 6 11v5l-2 2v1h16v-1l-2-2z"
          />
        </svg>
        <div
          style={
            Object {
              "color": "rgba(0, 0, 0, 0.54)",
              "fontSize": 12,
              "muiPrepared": true,
              "transition": "color 0.3s, font-size 0.3s",
            }
          }
        />
      </div>
    </button>
    <button
      disabled={undefined}
      onBlur={[Function]}
      onClick={[Function]}
      onFocus={[Function]}
      onKeyDown={[Function]}
      onKeyUp={[Function]}
      selected={false}
      style={
        Object {
          "WebkitTapHighlightColor": "rgba(0, 0, 0, 0)",
          "background": "none",
          "border": 10,
          "boxSizing": "border-box",
          "cursor": "pointer",
          "display": "inline-block",
          "flex": "1",
          "fontFamily": "Roboto, sans-serif",
          "fontSize": "inherit",
          "fontWeight": "inherit",
          "margin": 0,
          "maxWidth": 168,
          "minWidth": "56px",
          "muiPrepared": true,
          "outline": "none",
          "padding": 0,
          "paddingBottom": 10,
          "paddingLeft": 12,
          "paddingRight": 12,
          "paddingTop": 8,
          "position": "relative",
          "textDecoration": "none",
          "transition": "padding-top 0.3s",
          "verticalAlign": null,
        }
      }
      tabIndex={0}
      type="button"
    >
      <div
        onMouseDown={[Function]}
        onMouseLeave={[Function]}
        onMouseUp={[Function]}
        onTouchEnd={[Function]}
        onTouchStart={[Function]}
      >
        <svg
          onMouseEnter={[Function]}
          onMouseLeave={[Function]}
          style={
            Object {
              "color": "rgba(0, 0, 0, 0.87)",
              "display": "block",
              "fill": "rgba(0, 0, 0, 0.54)",
              "height": 24,
              "muiPrepared": true,
              "transition": "all 450ms cubic-bezier(0.23, 1, 0.32, 1) 0ms",
              "userSelect": "none",
              "width": "100%",
            }
          }
          viewBox="0 0 24 24"
        >
          <path
            d="M12 12c2.21 0 4-1.79 4-4s-1.79-4-4-4-4 1.79-4 4 1.79 4 4 4zm0 2c-2.67 0-8 1.34-8 4v2h16v-2c0-2.66-5.33-4-8-4z"
          />
        </svg>
        <div
          style={
            Object {
              "color": "rgba(0, 0, 0, 0.54)",
              "fontSize": 12,
              "muiPrepared": true,
              "transition": "color 0.3s, font-size 0.3s",
            }
          }
        />
      </div>
    </button>
  </div>
</div>
`;
