// Jest Snapshot v1, https://goo.gl/fbAQLP

exports[`ProfileToolbar Snapshot renders 1`] = `
<div
  className={undefined}
  style={
    Object {
      "WebkitTapHighlightColor": "rgba(0,0,0,0)",
      "backgroundColor": "white",
      "boxSizing": "border-box",
      "display": "flex",
      "height": 56,
      "justifyContent": "space-between",
      "muiPrepared": true,
      "padding": "0px 24px",
    }
  }
>
  <div
    className={undefined}
    style={
      Object {
        "alignItems": "center",
        "display": "flex",
        "justifyContent": "space-between",
        "marginLeft": 0,
        "marginRight": undefined,
        "muiPrepared": true,
        "position": "relative",
      }
    }
  >
    <svg
      onClick={[Function]}
      onMouseEnter={[Function]}
      onMouseLeave={[Function]}
      style={
        Object {
          "color": "rgba(0, 0, 0, 0.87)",
          "cursor": "pointer",
          "display": "inline-block",
          "fill": "currentColor",
          "height": 24,
          "muiPrepared": true,
          "transition": "all 450ms cubic-bezier(0.23, 1, 0.32, 1) 0ms",
          "userSelect": "none",
          "width": 24,
        }
      }
      viewBox="0 0 24 24"
    >
      <path
        d="M12 22c1.1 0 2-.9 2-2h-4c0 1.1.89 2 2 2zm6-6v-5c0-3.07-1.64-5.64-4.5-6.32V4c0-.83-.67-1.5-1.5-1.5s-1.5.67-1.5 1.5v.68C7.63 5.36 6 7.92 6 11v5l-2 2v1h16v-1l-2-2z"
      />
    </svg>
  </div>
  <div
    className={undefined}
    style={
      Object {
        "alignItems": "center",
        "display": "flex",
        "justifyContent": "space-between",
        "marginLeft": undefined,
        "marginRight": undefined,
        "muiPrepared": true,
        "position": "relative",
      }
    }
  >
    <div
      className={undefined}
      onClick={[Function]}
      size={40}
      style={
        Object {
          "alignItems": "center",
          "backgroundColor": "rgb(188, 188, 188)",
          "borderRadius": "50%",
          "color": "#ffffff",
          "cursor": "pointer",
          "display": "inline-flex",
          "fontSize": 20,
          "height": 40,
          "justifyContent": "center",
          "muiPrepared": true,
          "userSelect": "none",
          "width": 40,
        }
      }
    />
    <div
      style={
        Object {
          "display": "none",
        }
      }
    />
  </div>
</div>
`;
