// Jest Snapshot v1, https://goo.gl/fbAQLP

exports[`SearchBar Snapshot renders 1`] = `
Array [
  <div
    style={
        Object {
            "float": "left",
            "height": "100%",
            "padding": 0,
            "paddingLeft": "56px",
            "width": "calc(100% - 168px)",
          }
    }
>
    <div
        className={undefined}
        style={
            Object {
                "backgroundColor": "transparent",
                "cursor": "auto",
                "display": "inline-block",
                "fontFamily": "Roboto, sans-serif",
                "fontSize": 16,
                "height": 48,
                "lineHeight": "24px",
                "marginBottom": "15px",
                "muiPrepared": true,
                "position": "relative",
                "transition": "height 200ms cubic-bezier(0.23, 1, 0.32, 1) 0ms",
                "width": "100%",
              }
        }
    >
        <input
            autoFocus={true}
            disabled={false}
            id="SearchBarTextField"
            onBlur={[Function]}
            onChange={[Function]}
            onFocus={[Function]}
            onKeyPress={[Function]}
            style={
                Object {
                    "WebkitOpacity": 1,
                    "WebkitTapHighlightColor": "rgba(0,0,0,0)",
                    "appearance": "textfield",
                    "backgroundColor": "rgba(0,0,0,0)",
                    "border": "none",
                    "color": "white",
                    "cursor": "inherit",
                    "font": "inherit",
                    "height": "100%",
                    "muiPrepared": true,
                    "outline": "none",
                    "padding": 0,
                    "position": "relative",
                    "width": "100%",
                  }
            }
            type="text"
            value=""
        />
        <div>
            <hr
                aria-hidden="true"
                style={
                    Object {
                        "borderBottomStyle": "solid",
                        "borderBottomWidth": 1,
                        "borderColor": "#e0e0e0",
                        "borderLeft": "none",
                        "borderRight": "none",
                        "borderTop": "none",
                        "bottom": 8,
                        "boxSizing": "content-box",
                        "margin": 0,
                        "muiPrepared": true,
                        "position": "absolute",
                        "width": "100%",
                      }
                }
            />
            <hr
                aria-hidden="true"
                style={
                    Object {
                        "borderBottom": "none",
                        "borderBottomStyle": "solid",
                        "borderBottomWidth": 2,
                        "borderColor": "#00bcd4",
                        "borderLeft": "none",
                        "borderRight": "none",
                        "borderTop": "none",
                        "bottom": 8,
                        "boxSizing": "content-box",
                        "margin": 0,
                        "muiPrepared": true,
                        "position": "absolute",
                        "transform": "scaleX(0)",
                        "transition": "all 450ms cubic-bezier(0.23, 1, 0.32, 1) 0ms",
                        "width": "100%",
                      }
                }
            />
        </div>
    </div>
</div>,
  <button
    disabled={false}
    onBlur={[Function]}
    onClick={[Function]}
    onFocus={[Function]}
    onKeyDown={[Function]}
    onKeyUp={[Function]}
    onMouseEnter={[Function]}
    onMouseLeave={[Function]}
    onTouchStart={[Function]}
    style={
        Object {
            "WebkitTapHighlightColor": "rgba(0, 0, 0, 0)",
            "backgroundColor": "rgba(0, 0, 0, 0)",
            "border": 10,
            "borderRadius": 2,
            "boxSizing": "border-box",
            "color": "rgba(0, 0, 0, 0.87)",
            "cursor": "pointer",
            "display": "inline-block",
            "float": "left",
            "fontFamily": "Roboto, sans-serif",
            "fontSize": "inherit",
            "fontWeight": "inherit",
            "height": "100%",
            "lineHeight": "36px",
            "margin": 0,
            "minWidth": "56px",
            "muiPrepared": true,
            "outline": "none",
            "overflow": "hidden",
            "padding": 0,
            "position": "relative",
            "textAlign": "center",
            "textDecoration": "none",
            "transition": "all 450ms cubic-bezier(0.23, 1, 0.32, 1) 0ms",
            "userSelect": "none",
            "verticalAlign": null,
            "width": "56px",
          }
    }
    tabIndex={0}
    type="button"
>
    <div
        onMouseDown={[Function]}
        onMouseLeave={[Function]}
        onMouseUp={[Function]}
        onTouchEnd={[Function]}
        onTouchStart={[Function]}
    >
        <svg
            onMouseEnter={[Function]}
            onMouseLeave={[Function]}
            style={
                Object {
                    "color": "rgba(0, 0, 0, 0.87)",
                    "display": "inline-block",
                    "fill": "white",
                    "height": 24,
                    "marginLeft": 0,
                    "marginRight": 0,
                    "muiPrepared": true,
                    "transition": "all 450ms cubic-bezier(0.23, 1, 0.32, 1) 0ms",
                    "userSelect": "none",
                    "verticalAlign": "middle",
                    "width": 24,
                  }
            }
            viewBox="0 0 24 24"
        >
            <path
                d="M19 6.41L17.59 5 12 10.59 6.41 5 5 6.41 10.59 12 5 17.59 6.41 19 12 13.41 17.59 19 19 17.59 13.41 12z"
            />
        </svg>
    </div>
</button>,
]
`;
