// Jest Snapshot v1, https://goo.gl/fbAQLP

exports[`AddOrganization Snapshot renders 1`] = `
Array [
  <h4>
    Create Organization:
</h4>,
  <div
    className={undefined}
    style={
        Object {
            "backgroundColor": "transparent",
            "cursor": "auto",
            "display": "inline-block",
            "fontFamily": "Roboto, sans-serif",
            "fontSize": 16,
            "height": 72,
            "lineHeight": "24px",
            "muiPrepared": true,
            "position": "relative",
            "transition": "height 200ms cubic-bezier(0.23, 1, 0.32, 1) 0ms",
            "width": "100%",
          }
    }
>
    <label
        className={undefined}
        htmlFor="AOname"
        onClick={undefined}
        style={
            Object {
                "color": "rgba(0, 0, 0, 0.3)",
                "lineHeight": "22px",
                "muiPrepared": true,
                "pointerEvents": "none",
                "position": "absolute",
                "top": 38,
                "transform": "scale(1) translate(0, 0)",
                "transformOrigin": "left top",
                "transition": "all 450ms cubic-bezier(0.23, 1, 0.32, 1) 0ms",
                "userSelect": "none",
                "zIndex": 1,
              }
        }
    >
        Name
    </label>
    <input
        disabled={false}
        id="AOname"
        onBlur={[Function]}
        onChange={[Function]}
        onFocus={[Function]}
        style={
            Object {
                "WebkitOpacity": 1,
                "WebkitTapHighlightColor": "rgba(0,0,0,0)",
                "appearance": "textfield",
                "backgroundColor": "rgba(0,0,0,0)",
                "border": "none",
                "boxSizing": "border-box",
                "color": "rgba(0, 0, 0, 0.87)",
                "cursor": "inherit",
                "font": "inherit",
                "height": "100%",
                "marginTop": 14,
                "muiPrepared": true,
                "outline": "none",
                "padding": 0,
                "position": "relative",
                "width": "100%",
              }
        }
        type="text"
        value=""
    />
    <div>
        <hr
            aria-hidden="true"
            style={
                Object {
                    "borderBottomStyle": "solid",
                    "borderBottomWidth": 1,
                    "borderColor": "#e0e0e0",
                    "borderLeft": "none",
                    "borderRight": "none",
                    "borderTop": "none",
                    "bottom": 8,
                    "boxSizing": "content-box",
                    "margin": 0,
                    "muiPrepared": true,
                    "position": "absolute",
                    "width": "100%",
                  }
            }
        />
        <hr
            aria-hidden="true"
            style={
                Object {
                    "borderBottomStyle": "solid",
                    "borderBottomWidth": 2,
                    "borderColor": "#00bcd4",
                    "borderLeft": "none",
                    "borderRight": "none",
                    "borderTop": "none",
                    "bottom": 8,
                    "boxSizing": "content-box",
                    "margin": 0,
                    "muiPrepared": true,
                    "position": "absolute",
                    "transform": "scaleX(0)",
                    "transition": "all 450ms cubic-bezier(0.23, 1, 0.32, 1) 0ms",
                    "width": "100%",
                  }
            }
        />
    </div>
</div>,
  <br />,
  <div
    className={undefined}
    style={
        Object {
            "backgroundColor": "transparent",
            "cursor": "auto",
            "display": "inline-block",
            "fontFamily": "Roboto, sans-serif",
            "fontSize": 16,
            "height": 72,
            "lineHeight": "24px",
            "muiPrepared": true,
            "position": "relative",
            "transition": "height 200ms cubic-bezier(0.23, 1, 0.32, 1) 0ms",
            "width": "100%",
          }
    }
>
    <label
        className={undefined}
        htmlFor="AOdescription"
        onClick={undefined}
        style={
            Object {
                "color": "rgba(0, 0, 0, 0.3)",
                "lineHeight": "22px",
                "muiPrepared": true,
                "pointerEvents": "none",
                "position": "absolute",
                "top": 38,
                "transform": "scale(1) translate(0, 0)",
                "transformOrigin": "left top",
                "transition": "all 450ms cubic-bezier(0.23, 1, 0.32, 1) 0ms",
                "userSelect": "none",
                "zIndex": 1,
              }
        }
    >
        Description
    </label>
    <input
        disabled={false}
        id="AOdescription"
        onBlur={[Function]}
        onChange={[Function]}
        onFocus={[Function]}
        style={
            Object {
                "WebkitOpacity": 1,
                "WebkitTapHighlightColor": "rgba(0,0,0,0)",
                "appearance": "textfield",
                "backgroundColor": "rgba(0,0,0,0)",
                "border": "none",
                "boxSizing": "border-box",
                "color": "rgba(0, 0, 0, 0.87)",
                "cursor": "inherit",
                "font": "inherit",
                "height": "100%",
                "marginTop": 14,
                "muiPrepared": true,
                "outline": "none",
                "padding": 0,
                "position": "relative",
                "width": "100%",
              }
        }
        type="text"
        value=""
    />
    <div>
        <hr
            aria-hidden="true"
            style={
                Object {
                    "borderBottomStyle": "solid",
                    "borderBottomWidth": 1,
                    "borderColor": "#e0e0e0",
                    "borderLeft": "none",
                    "borderRight": "none",
                    "borderTop": "none",
                    "bottom": 8,
                    "boxSizing": "content-box",
                    "margin": 0,
                    "muiPrepared": true,
                    "position": "absolute",
                    "width": "100%",
                  }
            }
        />
        <hr
            aria-hidden="true"
            style={
                Object {
                    "borderBottomStyle": "solid",
                    "borderBottomWidth": 2,
                    "borderColor": "#00bcd4",
                    "borderLeft": "none",
                    "borderRight": "none",
                    "borderTop": "none",
                    "bottom": 8,
                    "boxSizing": "content-box",
                    "margin": 0,
                    "muiPrepared": true,
                    "position": "absolute",
                    "transform": "scaleX(0)",
                    "transition": "all 450ms cubic-bezier(0.23, 1, 0.32, 1) 0ms",
                    "width": "100%",
                  }
            }
        />
    </div>
</div>,
  <br />,
  <div
    className={undefined}
    style={
        Object {
            "backgroundColor": "transparent",
            "cursor": "auto",
            "display": "inline-block",
            "fontFamily": "Roboto, sans-serif",
            "fontSize": 16,
            "height": 72,
            "lineHeight": "24px",
            "muiPrepared": true,
            "position": "relative",
            "transition": "height 200ms cubic-bezier(0.23, 1, 0.32, 1) 0ms",
            "width": "100%",
          }
    }
>
    <label
        className={undefined}
        htmlFor="AOpassword"
        onClick={undefined}
        style={
            Object {
                "color": "rgba(0, 0, 0, 0.3)",
                "lineHeight": "22px",
                "muiPrepared": true,
                "pointerEvents": "none",
                "position": "absolute",
                "top": 38,
                "transform": "scale(1) translate(0, 0)",
                "transformOrigin": "left top",
                "transition": "all 450ms cubic-bezier(0.23, 1, 0.32, 1) 0ms",
                "userSelect": "none",
                "zIndex": 1,
              }
        }
    >
        Password
    </label>
    <input
        disabled={false}
        id="AOpassword"
        onBlur={[Function]}
        onChange={[Function]}
        onFocus={[Function]}
        style={
            Object {
                "WebkitOpacity": 1,
                "WebkitTapHighlightColor": "rgba(0,0,0,0)",
                "appearance": "textfield",
                "backgroundColor": "rgba(0,0,0,0)",
                "border": "none",
                "boxSizing": "border-box",
                "color": "rgba(0, 0, 0, 0.87)",
                "cursor": "inherit",
                "font": "inherit",
                "height": "100%",
                "marginTop": 14,
                "muiPrepared": true,
                "outline": "none",
                "padding": 0,
                "position": "relative",
                "width": "100%",
              }
        }
        type="password"
        value=""
    />
    <div>
        <hr
            aria-hidden="true"
            style={
                Object {
                    "borderBottomStyle": "solid",
                    "borderBottomWidth": 1,
                    "borderColor": "#e0e0e0",
                    "borderLeft": "none",
                    "borderRight": "none",
                    "borderTop": "none",
                    "bottom": 8,
                    "boxSizing": "content-box",
                    "margin": 0,
                    "muiPrepared": true,
                    "position": "absolute",
                    "width": "100%",
                  }
            }
        />
        <hr
            aria-hidden="true"
            style={
                Object {
                    "borderBottomStyle": "solid",
                    "borderBottomWidth": 2,
                    "borderColor": "#00bcd4",
                    "borderLeft": "none",
                    "borderRight": "none",
                    "borderTop": "none",
                    "bottom": 8,
                    "boxSizing": "content-box",
                    "margin": 0,
                    "muiPrepared": true,
                    "position": "absolute",
                    "transform": "scaleX(0)",
                    "transition": "all 450ms cubic-bezier(0.23, 1, 0.32, 1) 0ms",
                    "width": "100%",
                  }
            }
        />
    </div>
</div>,
  <br />,
  <div
    className={undefined}
    style={
        Object {
            "backgroundColor": "transparent",
            "cursor": "auto",
            "display": "inline-block",
            "fontFamily": "Roboto, sans-serif",
            "fontSize": 16,
            "height": 72,
            "lineHeight": "24px",
            "muiPrepared": true,
            "position": "relative",
            "transition": "height 200ms cubic-bezier(0.23, 1, 0.32, 1) 0ms",
            "width": "100%",
          }
    }
>
    <label
        className={undefined}
        htmlFor="AOretypePassord"
        onClick={undefined}
        style={
            Object {
                "color": "rgba(0, 0, 0, 0.3)",
                "lineHeight": "22px",
                "muiPrepared": true,
                "pointerEvents": "none",
                "position": "absolute",
                "top": 38,
                "transform": "scale(1) translate(0, 0)",
                "transformOrigin": "left top",
                "transition": "all 450ms cubic-bezier(0.23, 1, 0.32, 1) 0ms",
                "userSelect": "none",
                "zIndex": 1,
              }
        }
    >
        Retype password
    </label>
    <input
        disabled={false}
        id="AOretypePassord"
        onBlur={[Function]}
        onChange={[Function]}
        onFocus={[Function]}
        style={
            Object {
                "WebkitOpacity": 1,
                "WebkitTapHighlightColor": "rgba(0,0,0,0)",
                "appearance": "textfield",
                "backgroundColor": "rgba(0,0,0,0)",
                "border": "none",
                "boxSizing": "border-box",
                "color": "rgba(0, 0, 0, 0.87)",
                "cursor": "inherit",
                "font": "inherit",
                "height": "100%",
                "marginTop": 14,
                "muiPrepared": true,
                "outline": "none",
                "padding": 0,
                "position": "relative",
                "width": "100%",
              }
        }
        type="password"
        value=""
    />
    <div>
        <hr
            aria-hidden="true"
            style={
                Object {
                    "borderBottomStyle": "solid",
                    "borderBottomWidth": 1,
                    "borderColor": "#e0e0e0",
                    "borderLeft": "none",
                    "borderRight": "none",
                    "borderTop": "none",
                    "bottom": 8,
                    "boxSizing": "content-box",
                    "margin": 0,
                    "muiPrepared": true,
                    "position": "absolute",
                    "width": "100%",
                  }
            }
        />
        <hr
            aria-hidden="true"
            style={
                Object {
                    "borderBottomStyle": "solid",
                    "borderBottomWidth": 2,
                    "borderColor": "#00bcd4",
                    "borderLeft": "none",
                    "borderRight": "none",
                    "borderTop": "none",
                    "bottom": 8,
                    "boxSizing": "content-box",
                    "margin": 0,
                    "muiPrepared": true,
                    "position": "absolute",
                    "transform": "scaleX(0)",
                    "transition": "all 450ms cubic-bezier(0.23, 1, 0.32, 1) 0ms",
                    "width": "100%",
                  }
            }
        />
    </div>
</div>,
  <br />,
  <div
    className={undefined}
    style={
        Object {
            "WebkitTapHighlightColor": "rgba(0,0,0,0)",
            "backgroundColor": "#ffffff",
            "borderRadius": 2,
            "boxShadow": undefined,
            "boxSizing": "border-box",
            "color": "rgba(0, 0, 0, 0.87)",
            "display": "inline-block",
            "float": "right",
            "fontFamily": "Roboto, sans-serif",
            "minWidth": 88,
            "muiPrepared": true,
            "transition": "all 450ms cubic-bezier(0.23, 1, 0.32, 1) 0ms",
          }
    }
>
    <button
        disabled={true}
        id="AOcreate"
        onBlur={[Function]}
        onClick={[Function]}
        onFocus={[Function]}
        onKeyDown={[Function]}
        onKeyUp={[Function]}
        style={
            Object {
                "WebkitTapHighlightColor": "rgba(0, 0, 0, 0)",
                "backgroundColor": "rgb(229, 229, 229)",
                "border": 10,
                "borderRadius": 2,
                "boxSizing": "border-box",
                "cursor": "default",
                "display": "inline-block",
                "fontFamily": "Roboto, sans-serif",
                "fontSize": "inherit",
                "fontWeight": "inherit",
                "height": 36,
                "lineHeight": "36px",
                "margin": 0,
                "muiPrepared": true,
                "outline": "none",
                "padding": 0,
                "position": "relative",
                "textAlign": "center",
                "textDecoration": "none",
                "transition": "all 450ms cubic-bezier(0.23, 1, 0.32, 1) 0ms",
                "verticalAlign": null,
                "width": "100%",
              }
        }
        tabIndex={-1}
        type="button"
    >
        <div
            style={
                Object {
                    "backgroundColor": false,
                    "borderRadius": 2,
                    "height": 36,
                    "muiPrepared": true,
                    "top": 0,
                    "transition": "all 450ms cubic-bezier(0.23, 1, 0.32, 1) 0ms",
                  }
            }
        >
            <span
                style={
                    Object {
                        "color": "rgba(0, 0, 0, 0.3)",
                        "fontSize": 14,
                        "fontWeight": 500,
                        "letterSpacing": 0,
                        "margin": 0,
                        "muiPrepared": true,
                        "opacity": 1,
                        "paddingLeft": 16,
                        "paddingRight": 16,
                        "position": "relative",
                        "textTransform": "uppercase",
                        "userSelect": "none",
                      }
                }
            >
                Create
            </span>
        </div>
    </button>
</div>,
]
`;
