// Jest Snapshot v1, https://goo.gl/fbAQLP

exports[`JoinOrganization Snapshot renders 1`] = `null`;
