// Jest Snapshot v1, https://goo.gl/fbAQLP

exports[`SelectOrganizationDialog Snapshot renders 1`] = `null`;
