// Jest Snapshot v1, https://goo.gl/fbAQLP

exports[`SelectOrganization Snapshot renders 1`] = `null`;
