// Jest Snapshot v1, https://goo.gl/fbAQLP

exports[`EventCard Snapshot renders 1`] = `
<div
  className="card-wrapper"
>
  <div
    className="eventCard"
    style={
      Object {
        "border": "0px solid white",
      }
    }
  >
    <div
      className="eventCardHeader"
    >
      <img
        alt="Event banner"
        src=""
      />
      <div
        className="after"
      >
        <div
          className="eventCardTitle"
        >
          <span
            className="eventName"
          >
             
            
             
          </span>
          <div
            className="joinBtnWrapper"
            onClick={undefined}
            style={
              Object {
                "backgroundColor": "rgb(248 201 71)",
              }
            }
          >
            <button
              className="joinBtn"
            >
              JOIN
            </button>
          </div>
        </div>
      </div>
    </div>
    <div
      className="eventGroup"
    >
      <div
        className="eventInfo"
      >
        <div
          className="dateInfo"
        >
          <h4>
             
            <svg
              fill="currentColor"
              height="1em"
              preserveAspectRatio="xMidYMid meet"
              style={
                Object {
                  "color": undefined,
                  "verticalAlign": "middle",
                }
              }
              viewBox="0 0 40 40"
              width="1em"
            >
              <g>
                <path
                  d="m30.6 21.5l-11.4 11.4q-0.3 0.2-0.6 0.2t-0.5-0.2l-6.4-6.4q-0.2-0.2-0.2-0.5t0.2-0.5l1-1q0.2-0.2 0.5-0.2t0.5 0.2l4.9 4.9 10-9.9q0.2-0.2 0.5-0.2t0.5 0.2l1 1q0.2 0.2 0.2 0.5t-0.2 0.5z m-26.2 15.6h31.4v-22.8h-31.4v22.8z m8.5-27.1v-6.4q0-0.3-0.2-0.5t-0.5-0.2h-1.4q-0.3 0-0.5 0.2t-0.2 0.5v6.4q0 0.3 0.2 0.5t0.5 0.2h1.4q0.3 0 0.5-0.2t0.2-0.5z m17.2 0v-6.4q0-0.3-0.2-0.5t-0.5-0.2h-1.5q-0.3 0-0.5 0.2t-0.2 0.5v6.4q0 0.3 0.2 0.5t0.5 0.2h1.5q0.3 0 0.5-0.2t0.2-0.5z m8.5-1.4v28.5q0 1.2-0.8 2.1t-2 0.8h-31.4q-1.2 0-2.1-0.9t-0.8-2v-28.5q0-1.2 0.8-2t2.1-0.9h2.8v-2.1q0-1.5 1.1-2.6t2.5-1h1.4q1.5 0 2.5 1.1t1.1 2.5v2.1h8.6v-2.1q0-1.5 1-2.6t2.5-1h1.5q1.4 0 2.5 1.1t1 2.5v2.1h2.9q1.1 0 2 0.9t0.8 2z"
                />
              </g>
            </svg>
             
            3 December
             
          </h4>
        </div>
        <div
          className="timeInfo"
        >
          <h4>
             
            <svg
              fill="currentColor"
              height="1em"
              preserveAspectRatio="xMidYMid meet"
              style={
                Object {
                  "color": undefined,
                  "verticalAlign": "middle",
                }
              }
              viewBox="0 0 40 40"
              width="1em"
            >
              <g>
                <path
                  d="m23 12.1v10q0 0.4-0.2 0.6t-0.5 0.2h-7.2q-0.3 0-0.5-0.2t-0.2-0.6v-1.4q0-0.3 0.2-0.5t0.5-0.2h5v-7.9q0-0.3 0.2-0.5t0.6-0.2h1.4q0.3 0 0.5 0.2t0.2 0.5z m9.3 7.9q0-3.3-1.6-6.1t-4.5-4.4-6.1-1.6-6.1 1.6-4.4 4.4-1.6 6.1 1.6 6.1 4.4 4.4 6.1 1.6 6.1-1.6 4.5-4.4 1.6-6.1z m5 0q0 4.7-2.3 8.6t-6.3 6.2-8.6 2.3-8.6-2.3-6.2-6.2-2.3-8.6 2.3-8.6 6.2-6.2 8.6-2.3 8.6 2.3 6.3 6.2 2.3 8.6z"
                />
              </g>
            </svg>
             
            00:00
             
          </h4>
        </div>
        <div
          className="participates-image"
        >
          <h4>
             
            <svg
              fill="currentColor"
              height="1em"
              preserveAspectRatio="xMidYMid meet"
              style={
                Object {
                  "color": undefined,
                  "verticalAlign": "middle",
                }
              }
              viewBox="0 0 40 40"
              width="1em"
            >
              <g>
                <path
                  d="m12.3 20q-3.4 0.1-5.5 2.7h-2.8q-1.7 0-2.8-0.9t-1.2-2.4q0-7.4 2.6-7.4 0.1 0 0.9 0.5t2 0.8 2.5 0.5q1.4 0 2.7-0.5-0.1 0.8-0.1 1.4 0 2.9 1.7 5.3z m22.3 13.2q0 2.5-1.6 4t-4 1.4h-18.1q-2.6 0-4.1-1.4t-1.5-4q0-1.1 0.1-2.1t0.3-2.3 0.5-2.2 0.9-2.1 1.3-1.6 1.8-1.2 2.3-0.4q0.2 0 0.9 0.5t1.5 1 2.2 1 2.8 0.4 2.8-0.4 2.3-1 1.5-1 0.9-0.5q1.2 0 2.3 0.4t1.8 1.2 1.2 1.6 0.9 2.1 0.6 2.2 0.3 2.3 0.1 2.1z m-21.3-26.5q0 2.2-1.6 3.8t-3.7 1.5-3.8-1.5-1.5-3.8 1.5-3.7 3.8-1.6 3.7 1.6 1.6 3.7z m14.6 8q0 3.3-2.3 5.6t-5.7 2.4-5.6-2.4-2.3-5.6 2.3-5.7 5.6-2.3 5.7 2.3 2.3 5.7z m12 4.7q0 1.6-1.2 2.4t-2.9 0.9h-2.7q-2.2-2.6-5.5-2.7 1.6-2.4 1.6-5.3 0-0.6-0.1-1.4 1.4 0.5 2.8 0.5 1.2 0 2.5-0.5t2-0.8 0.9-0.5q2.6 0 2.6 7.4z m-2.7-12.7q0 2.2-1.5 3.8t-3.8 1.5-3.8-1.5-1.5-3.8 1.5-3.7 3.8-1.6 3.8 1.6 1.5 3.7z"
                />
              </g>
            </svg>
             Already joining 
          </h4>
        </div>
      </div>
      <div>
        <div>
          <div
            className="collapse-activity"
          >
            <hr
              className="activity-hr"
            />
          </div>
        </div>
      </div>
      <div
        className="collapseOnClick"
        onClick={undefined}
      >
        <div
          style={
            Object {
              "clear": "both",
            }
          }
        >
          <div
            id="collapseKommentare"
          >
            <h6>
               
              1 Kommentare
               
            </h6>
          </div>
          <div
            id="collapseFA"
          >
            <h6>
               
              <svg
                fill="currentColor"
                height="1em"
                preserveAspectRatio="xMidYMid meet"
                style={
                  Object {
                    "color": undefined,
                    "verticalAlign": "middle",
                  }
                }
                viewBox="0 0 40 40"
                width="1em"
              >
                <g>
                  <path
                    d="m31 16.4q0 0.3-0.2 0.5l-10.4 10.4q-0.3 0.3-0.5 0.3t-0.6-0.3l-10.4-10.4q-0.2-0.2-0.2-0.5t0.2-0.5l1.2-1.1q0.2-0.2 0.5-0.2t0.5 0.2l8.8 8.8 8.7-8.8q0.3-0.2 0.5-0.2t0.6 0.2l1.1 1.1q0.2 0.2 0.2 0.5z"
                  />
                </g>
              </svg>
               
            </h6>
          </div>
        </div>
      </div>
    </div>
  </div>
</div>
`;
