// Jest Snapshot v1, https://goo.gl/fbAQLP

exports[`EventItem Snapshot renders 1`] = `
<p>
  Loading...
</p>
`;
