// Jest Snapshot v1, https://goo.gl/fbAQLP

exports[`Events Snapshot renders 1`] = `
<p>
  Loading
</p>
`;
