// Jest Snapshot v1, https://goo.gl/fbAQLP

exports[`Signup Snapshot renders 1`] = `
<form
  className="signup"
  onSubmit={[Function]}
>
  <h1>
    Sign Up
  </h1>
  <div
    className={undefined}
    style={
      Object {
        "backgroundColor": "transparent",
        "cursor": "auto",
        "display": "inline-block",
        "fontFamily": "Roboto, sans-serif",
        "fontSize": 16,
        "height": 72,
        "lineHeight": "24px",
        "muiPrepared": true,
        "position": "relative",
        "transition": "height 200ms cubic-bezier(0.23, 1, 0.32, 1) 0ms",
        "width": 256,
      }
    }
  >
    <label
      className={undefined}
      htmlFor="firstName"
      onClick={undefined}
      style={
        Object {
          "color": "rgba(0, 0, 0, 0.3)",
          "lineHeight": "22px",
          "muiPrepared": true,
          "pointerEvents": "none",
          "position": "absolute",
          "top": 38,
          "transform": "scale(1) translate(0, 0)",
          "transformOrigin": "left top",
          "transition": "all 450ms cubic-bezier(0.23, 1, 0.32, 1) 0ms",
          "userSelect": "none",
          "zIndex": 1,
        }
      }
    >
      First name
    </label>
    <input
      disabled={false}
      id="firstName"
      label="first name"
      onBlur={[Function]}
      onChange={[Function]}
      onFocus={[Function]}
      style={
        Object {
          "WebkitOpacity": 1,
          "WebkitTapHighlightColor": "rgba(0,0,0,0)",
          "appearance": "textfield",
          "backgroundColor": "rgba(0,0,0,0)",
          "border": "none",
          "boxSizing": "border-box",
          "color": "rgba(0, 0, 0, 0.87)",
          "cursor": "inherit",
          "font": "inherit",
          "height": "100%",
          "marginTop": 14,
          "muiPrepared": true,
          "outline": "none",
          "padding": 0,
          "position": "relative",
          "width": "100%",
        }
      }
      type="text"
      value=""
    />
    <div>
      <hr
        aria-hidden="true"
        style={
          Object {
            "borderBottomStyle": "solid",
            "borderBottomWidth": 1,
            "borderColor": "#e0e0e0",
            "borderLeft": "none",
            "borderRight": "none",
            "borderTop": "none",
            "bottom": 8,
            "boxSizing": "content-box",
            "margin": 0,
            "muiPrepared": true,
            "position": "absolute",
            "width": "100%",
          }
        }
      />
      <hr
        aria-hidden="true"
        style={
          Object {
            "borderBottomStyle": "solid",
            "borderBottomWidth": 2,
            "borderColor": "#00bcd4",
            "borderLeft": "none",
            "borderRight": "none",
            "borderTop": "none",
            "bottom": 8,
            "boxSizing": "content-box",
            "margin": 0,
            "muiPrepared": true,
            "position": "absolute",
            "transform": "scaleX(0)",
            "transition": "all 450ms cubic-bezier(0.23, 1, 0.32, 1) 0ms",
            "width": "100%",
          }
        }
      />
    </div>
  </div>
  <br />
  <div
    className={undefined}
    style={
      Object {
        "backgroundColor": "transparent",
        "cursor": "auto",
        "display": "inline-block",
        "fontFamily": "Roboto, sans-serif",
        "fontSize": 16,
        "height": 72,
        "lineHeight": "24px",
        "muiPrepared": true,
        "position": "relative",
        "transition": "height 200ms cubic-bezier(0.23, 1, 0.32, 1) 0ms",
        "width": 256,
      }
    }
  >
    <label
      className={undefined}
      htmlFor="name"
      onClick={undefined}
      style={
        Object {
          "color": "rgba(0, 0, 0, 0.3)",
          "lineHeight": "22px",
          "muiPrepared": true,
          "pointerEvents": "none",
          "position": "absolute",
          "top": 38,
          "transform": "scale(1) translate(0, 0)",
          "transformOrigin": "left top",
          "transition": "all 450ms cubic-bezier(0.23, 1, 0.32, 1) 0ms",
          "userSelect": "none",
          "zIndex": 1,
        }
      }
    >
      Last name
    </label>
    <input
      disabled={false}
      id="name"
      label="Last name"
      onBlur={[Function]}
      onChange={[Function]}
      onFocus={[Function]}
      style={
        Object {
          "WebkitOpacity": 1,
          "WebkitTapHighlightColor": "rgba(0,0,0,0)",
          "appearance": "textfield",
          "backgroundColor": "rgba(0,0,0,0)",
          "border": "none",
          "boxSizing": "border-box",
          "color": "rgba(0, 0, 0, 0.87)",
          "cursor": "inherit",
          "font": "inherit",
          "height": "100%",
          "marginTop": 14,
          "muiPrepared": true,
          "outline": "none",
          "padding": 0,
          "position": "relative",
          "width": "100%",
        }
      }
      type="text"
      value=""
    />
    <div>
      <hr
        aria-hidden="true"
        style={
          Object {
            "borderBottomStyle": "solid",
            "borderBottomWidth": 1,
            "borderColor": "#e0e0e0",
            "borderLeft": "none",
            "borderRight": "none",
            "borderTop": "none",
            "bottom": 8,
            "boxSizing": "content-box",
            "margin": 0,
            "muiPrepared": true,
            "position": "absolute",
            "width": "100%",
          }
        }
      />
      <hr
        aria-hidden="true"
        style={
          Object {
            "borderBottomStyle": "solid",
            "borderBottomWidth": 2,
            "borderColor": "#00bcd4",
            "borderLeft": "none",
            "borderRight": "none",
            "borderTop": "none",
            "bottom": 8,
            "boxSizing": "content-box",
            "margin": 0,
            "muiPrepared": true,
            "position": "absolute",
            "transform": "scaleX(0)",
            "transition": "all 450ms cubic-bezier(0.23, 1, 0.32, 1) 0ms",
            "width": "100%",
          }
        }
      />
    </div>
  </div>
  <br />
  <div
    className={undefined}
    style={
      Object {
        "backgroundColor": "transparent",
        "cursor": "auto",
        "display": "inline-block",
        "fontFamily": "Roboto, sans-serif",
        "fontSize": 16,
        "height": 72,
        "lineHeight": "24px",
        "muiPrepared": true,
        "position": "relative",
        "transition": "height 200ms cubic-bezier(0.23, 1, 0.32, 1) 0ms",
        "width": 256,
      }
    }
  >
    <label
      className={undefined}
      htmlFor="email"
      onClick={undefined}
      style={
        Object {
          "color": "rgba(0, 0, 0, 0.3)",
          "lineHeight": "22px",
          "muiPrepared": true,
          "pointerEvents": "none",
          "position": "absolute",
          "top": 38,
          "transform": "scale(1) translate(0, 0)",
          "transformOrigin": "left top",
          "transition": "all 450ms cubic-bezier(0.23, 1, 0.32, 1) 0ms",
          "userSelect": "none",
          "zIndex": 1,
        }
      }
    >
      E-Mail
    </label>
    <input
      disabled={false}
      id="email"
      label="E-Mail"
      onBlur={[Function]}
      onChange={[Function]}
      onFocus={[Function]}
      style={
        Object {
          "WebkitOpacity": 1,
          "WebkitTapHighlightColor": "rgba(0,0,0,0)",
          "appearance": "textfield",
          "backgroundColor": "rgba(0,0,0,0)",
          "border": "none",
          "boxSizing": "border-box",
          "color": "rgba(0, 0, 0, 0.87)",
          "cursor": "inherit",
          "font": "inherit",
          "height": "100%",
          "marginTop": 14,
          "muiPrepared": true,
          "outline": "none",
          "padding": 0,
          "position": "relative",
          "width": "100%",
        }
      }
      type="text"
      value=""
    />
    <div>
      <hr
        aria-hidden="true"
        style={
          Object {
            "borderBottomStyle": "solid",
            "borderBottomWidth": 1,
            "borderColor": "#e0e0e0",
            "borderLeft": "none",
            "borderRight": "none",
            "borderTop": "none",
            "bottom": 8,
            "boxSizing": "content-box",
            "margin": 0,
            "muiPrepared": true,
            "position": "absolute",
            "width": "100%",
          }
        }
      />
      <hr
        aria-hidden="true"
        style={
          Object {
            "borderBottomStyle": "solid",
            "borderBottomWidth": 2,
            "borderColor": "#00bcd4",
            "borderLeft": "none",
            "borderRight": "none",
            "borderTop": "none",
            "bottom": 8,
            "boxSizing": "content-box",
            "margin": 0,
            "muiPrepared": true,
            "position": "absolute",
            "transform": "scaleX(0)",
            "transition": "all 450ms cubic-bezier(0.23, 1, 0.32, 1) 0ms",
            "width": "100%",
          }
        }
      />
    </div>
  </div>
  <br />
  <div
    className={undefined}
    style={
      Object {
        "backgroundColor": "transparent",
        "cursor": "auto",
        "display": "inline-block",
        "fontFamily": "Roboto, sans-serif",
        "fontSize": 16,
        "height": 72,
        "lineHeight": "24px",
        "muiPrepared": true,
        "position": "relative",
        "transition": "height 200ms cubic-bezier(0.23, 1, 0.32, 1) 0ms",
        "width": 256,
      }
    }
  >
    <label
      className={undefined}
      htmlFor="password"
      onClick={undefined}
      style={
        Object {
          "color": "rgba(0, 0, 0, 0.3)",
          "lineHeight": "22px",
          "muiPrepared": true,
          "pointerEvents": "none",
          "position": "absolute",
          "top": 38,
          "transform": "scale(1) translate(0, 0)",
          "transformOrigin": "left top",
          "transition": "all 450ms cubic-bezier(0.23, 1, 0.32, 1) 0ms",
          "userSelect": "none",
          "zIndex": 1,
        }
      }
    >
      Password
    </label>
    <input
      disabled={false}
      id="password"
      label="Password"
      onBlur={[Function]}
      onChange={[Function]}
      onFocus={[Function]}
      style={
        Object {
          "WebkitOpacity": 1,
          "WebkitTapHighlightColor": "rgba(0,0,0,0)",
          "appearance": "textfield",
          "backgroundColor": "rgba(0,0,0,0)",
          "border": "none",
          "boxSizing": "border-box",
          "color": "rgba(0, 0, 0, 0.87)",
          "cursor": "inherit",
          "font": "inherit",
          "height": "100%",
          "marginTop": 14,
          "muiPrepared": true,
          "outline": "none",
          "padding": 0,
          "position": "relative",
          "width": "100%",
        }
      }
      type="password"
      value=""
    />
    <div>
      <hr
        aria-hidden="true"
        style={
          Object {
            "borderBottomStyle": "solid",
            "borderBottomWidth": 1,
            "borderColor": "#e0e0e0",
            "borderLeft": "none",
            "borderRight": "none",
            "borderTop": "none",
            "bottom": 8,
            "boxSizing": "content-box",
            "margin": 0,
            "muiPrepared": true,
            "position": "absolute",
            "width": "100%",
          }
        }
      />
      <hr
        aria-hidden="true"
        style={
          Object {
            "borderBottomStyle": "solid",
            "borderBottomWidth": 2,
            "borderColor": "#00bcd4",
            "borderLeft": "none",
            "borderRight": "none",
            "borderTop": "none",
            "bottom": 8,
            "boxSizing": "content-box",
            "margin": 0,
            "muiPrepared": true,
            "position": "absolute",
            "transform": "scaleX(0)",
            "transition": "all 450ms cubic-bezier(0.23, 1, 0.32, 1) 0ms",
            "width": "100%",
          }
        }
      />
    </div>
  </div>
  <br />
  <div
    className={undefined}
    style={
      Object {
        "backgroundColor": "transparent",
        "cursor": "auto",
        "display": "inline-block",
        "fontFamily": "Roboto, sans-serif",
        "fontSize": 16,
        "height": 72,
        "lineHeight": "24px",
        "muiPrepared": true,
        "position": "relative",
        "transition": "height 200ms cubic-bezier(0.23, 1, 0.32, 1) 0ms",
        "width": 256,
      }
    }
  >
    <label
      className={undefined}
      htmlFor="retypePassword"
      onClick={undefined}
      style={
        Object {
          "color": "rgba(0, 0, 0, 0.3)",
          "lineHeight": "22px",
          "muiPrepared": true,
          "pointerEvents": "none",
          "position": "absolute",
          "top": 38,
          "transform": "scale(1) translate(0, 0)",
          "transformOrigin": "left top",
          "transition": "all 450ms cubic-bezier(0.23, 1, 0.32, 1) 0ms",
          "userSelect": "none",
          "zIndex": 1,
        }
      }
    >
      Retype Password
    </label>
    <input
      disabled={false}
      id="retypePassword"
      label="Retype password"
      onBlur={[Function]}
      onChange={[Function]}
      onFocus={[Function]}
      style={
        Object {
          "WebkitOpacity": 1,
          "WebkitTapHighlightColor": "rgba(0,0,0,0)",
          "appearance": "textfield",
          "backgroundColor": "rgba(0,0,0,0)",
          "border": "none",
          "boxSizing": "border-box",
          "color": "rgba(0, 0, 0, 0.87)",
          "cursor": "inherit",
          "font": "inherit",
          "height": "100%",
          "marginTop": 14,
          "muiPrepared": true,
          "outline": "none",
          "padding": 0,
          "position": "relative",
          "width": "100%",
        }
      }
      type="password"
      value=""
    />
    <div>
      <hr
        aria-hidden="true"
        style={
          Object {
            "borderBottomStyle": "solid",
            "borderBottomWidth": 1,
            "borderColor": "#e0e0e0",
            "borderLeft": "none",
            "borderRight": "none",
            "borderTop": "none",
            "bottom": 8,
            "boxSizing": "content-box",
            "margin": 0,
            "muiPrepared": true,
            "position": "absolute",
            "width": "100%",
          }
        }
      />
      <hr
        aria-hidden="true"
        style={
          Object {
            "borderBottomStyle": "solid",
            "borderBottomWidth": 2,
            "borderColor": "#00bcd4",
            "borderLeft": "none",
            "borderRight": "none",
            "borderTop": "none",
            "bottom": 8,
            "boxSizing": "content-box",
            "margin": 0,
            "muiPrepared": true,
            "position": "absolute",
            "transform": "scaleX(0)",
            "transition": "all 450ms cubic-bezier(0.23, 1, 0.32, 1) 0ms",
            "width": "100%",
          }
        }
      />
    </div>
  </div>
  <br />
  <br />
  <div
    className={undefined}
    style={
      Object {
        "WebkitTapHighlightColor": "rgba(0,0,0,0)",
        "backgroundColor": "#ffffff",
        "borderRadius": 2,
        "boxShadow": undefined,
        "boxSizing": "border-box",
        "color": "rgba(0, 0, 0, 0.87)",
        "display": "inline-block",
        "fontFamily": "Roboto, sans-serif",
        "minWidth": 88,
        "muiPrepared": true,
        "transition": "all 450ms cubic-bezier(0.23, 1, 0.32, 1) 0ms",
      }
    }
  >
    <button
      disabled={true}
      onBlur={[Function]}
      onClick={[Function]}
      onFocus={[Function]}
      onKeyDown={[Function]}
      onKeyUp={[Function]}
      style={
        Object {
          "WebkitTapHighlightColor": "rgba(0, 0, 0, 0)",
          "backgroundColor": "rgb(229, 229, 229)",
          "border": 10,
          "borderRadius": 2,
          "boxSizing": "border-box",
          "cursor": "default",
          "display": "inline-block",
          "fontFamily": "Roboto, sans-serif",
          "fontSize": "inherit",
          "fontWeight": "inherit",
          "height": 36,
          "lineHeight": "36px",
          "margin": 0,
          "muiPrepared": true,
          "outline": "none",
          "padding": 0,
          "position": "relative",
          "textAlign": "center",
          "textDecoration": "none",
          "transition": "all 450ms cubic-bezier(0.23, 1, 0.32, 1) 0ms",
          "verticalAlign": null,
          "width": "100%",
        }
      }
      tabIndex={-1}
      type="submit"
    >
      <div
        style={
          Object {
            "backgroundColor": false,
            "borderRadius": 2,
            "height": 36,
            "muiPrepared": true,
            "top": 0,
            "transition": "all 450ms cubic-bezier(0.23, 1, 0.32, 1) 0ms",
          }
        }
      >
        <span
          style={
            Object {
              "color": "rgba(0, 0, 0, 0.3)",
              "fontSize": 14,
              "fontWeight": 500,
              "letterSpacing": 0,
              "margin": 0,
              "muiPrepared": true,
              "opacity": 1,
              "paddingLeft": 16,
              "paddingRight": 16,
              "position": "relative",
              "textTransform": "uppercase",
              "userSelect": "none",
            }
          }
        >
          Sign Up
        </span>
      </div>
    </button>
  </div>
</form>
`;
